// Jest Snapshot v1, https://goo.gl/fbAQLP

exports[`when rendering error page matches snapshot 1`] = `
<div>
  <div>
    <div>
      <nav
        class="navbar navbar-expand-lg bg-light"
      >
        <div
          class="container-fluid"
        >
          <div
            class="collapse navbar-collapse"
            id="navbarSupportedContent"
          >
            <ul
              class="navbar-nav me-auto mb-2 mb-lg-0"
            >
              <li
                class="nav-item"
              >
                <a
                  aria-current="page"
                  class="nav-link active"
                  href="/"
                >
                  Home
                </a>
              </li>
              <li
                class="nav-item"
              >
                <a
                  class="nav-link active"
                  href="/leaderboard"
                >
                  Leaderboard
                </a>
              </li>
              <li
                class="nav-item"
              >
                <a
                  class="nav-link active"
                  href="/add"
                >
                  New
                </a>
              </li>
            </ul>
            <div
              class="m-2"
            >
              Logged in as: 
              sarahedo
            </div>
            <button
              class="btn btn-outline-success"
            >
              Logout
            </button>
          </div>
        </div>
      </nav>
      <div
        class="container mt-4"
      >
        <ul
          class="nav nav-tabs"
          id="pollsTab"
          role="tablist"
        >
          <li
            class="nav-item"
            role="presentation"
          >
            <button
              aria-controls="home-tab-pane"
              aria-selected="true"
              class="nav-link active"
              data-bs-target="#home-tab-pane"
              data-bs-toggle="tab"
              id="home-tab"
              role="tab"
              type="button"
            >
              New Polls: 
              0
            </button>
          </li>
          <li
            class="nav-item"
            role="presentation"
          >
            <button
              aria-controls="profile-tab-pane"
              aria-selected="false"
              class="nav-link"
              data-bs-target="#profile-tab-pane"
              data-bs-toggle="tab"
              id="profile-tab"
              role="tab"
              type="button"
            >
              Answered Polls: 
              0
            </button>
          </li>
        </ul>
        <div
          class="tab-content"
          id="myTabContent"
        >
          <div
            aria-labelledby="home-tab"
            class="tab-pane fade show active"
            id="home-tab-pane"
            role="tabpanel"
            tabindex="0"
          >
            <div
              class="card"
            >
              <div
                class="card-body"
              />
            </div>
          </div>
          <div
            aria-labelledby="profile-tab"
            class="tab-pane fade"
            id="profile-tab-pane"
            role="tabpanel"
            tabindex="0"
          >
            <div
              class="card"
            >
              <div
                class="card-body"
              />
            </div>
          </div>
        </div>
      </div>
    </div>
  </div>
</div>
`;
