// Jest Snapshot v1, https://goo.gl/fbAQLP

exports[`when rendering error page matches snapshot 1`] = `
<div>
  <div
    class="row"
  >
    <div
      class="container text-center"
    >
      <h1>
        Page Not Found
      </h1>
      <a
        href="/"
      >
        <button
          class="btn btn-primary"
          data-testid="back-button"
        >
          Back to Home Page
        </button>
      </a>
    </div>
  </div>
</div>
`;
