// Jest Snapshot v1, https://goo.gl/fbAQLP

exports[`when rendering Navbar matches snapshot 1`] = `
<div>
  <nav
    class="navbar navbar-expand-lg bg-light"
  >
    <div
      class="container-fluid"
    >
      <div
        class="collapse navbar-collapse"
        id="navbarSupportedContent"
      >
        <ul
          class="navbar-nav me-auto mb-2 mb-lg-0"
        >
          <li
            class="nav-item"
          >
            <a
              aria-current="page"
              class="nav-link active"
              href="/"
            >
              Home
            </a>
          </li>
          <li
            class="nav-item"
          >
            <a
              class="nav-link active"
              href="/leaderboard"
            >
              Leaderboard
            </a>
          </li>
          <li
            class="nav-item"
          >
            <a
              class="nav-link active"
              href="/add"
            >
              New
            </a>
          </li>
        </ul>
        <div
          class="m-2"
        >
          Logged in as: 
        </div>
        <button
          class="btn btn-outline-success"
        >
          Logout
        </button>
      </div>
    </div>
  </nav>
</div>
`;
